============================= test session starts =============================
platform win32 -- Python 3.12.7, pytest-9.0.2, pluggy-1.6.0
rootdir: D:\YayCode\CodeWithPython\ProjectPTPMMNM\AI_HelpDesk_Backend
configfile: pytest.ini
plugins: anyio-4.12.1, hypothesis-6.152.1, langsmith-0.7.17
collected 10 items

src\tests\test_compare_entities.py FFFFFFFFFF                            [100%]

================================== FAILURES ===================================
________________________ test_create_run_returns_dict _________________________
async def functions are not natively supported.
You need to install a suitable plugin for your async framework, for example:
  - anyio
  - pytest-asyncio
  - pytest-tornasync
  - pytest-trio
  - pytest-twisted
_________________________ test_create_run_unique_ids __________________________
async def functions are not natively supported.
You need to install a suitable plugin for your async framework, for example:
  - anyio
  - pytest-asyncio
  - pytest-tornasync
  - pytest-trio
  - pytest-twisted
_________________________ test_create_run_with_errors _________________________
async def functions are not natively supported.
You need to install a suitable plugin for your async framework, for example:
  - anyio
  - pytest-asyncio
  - pytest-tornasync
  - pytest-trio
  - pytest-twisted
________________________ test_list_runs_empty_session _________________________
async def functions are not natively supported.
You need to install a suitable plugin for your async framework, for example:
  - anyio
  - pytest-asyncio
  - pytest-tornasync
  - pytest-trio
  - pytest-twisted
___________________ test_list_runs_returns_correct_session ____________________
async def functions are not natively supported.
You need to install a suitable plugin for your async framework, for example:
  - anyio
  - pytest-asyncio
  - pytest-tornasync
  - pytest-trio
  - pytest-twisted
________________________ test_list_runs_multiple_files ________________________
async def functions are not natively supported.
You need to install a suitable plugin for your async framework, for example:
  - anyio
  - pytest-asyncio
  - pytest-tornasync
  - pytest-trio
  - pytest-twisted
__________________________ test_update_query_metrics __________________________
async def functions are not natively supported.
You need to install a suitable plugin for your async framework, for example:
  - anyio
  - pytest-asyncio
  - pytest-tornasync
  - pytest-trio
  - pytest-twisted
________________________ test_delete_run_removes_entry ________________________
async def functions are not natively supported.
You need to install a suitable plugin for your async framework, for example:
  - anyio
  - pytest-asyncio
  - pytest-tornasync
  - pytest-trio
  - pytest-twisted
_________________________ test_delete_nonexistent_run _________________________
async def functions are not natively supported.
You need to install a suitable plugin for your async framework, for example:
  - anyio
  - pytest-asyncio
  - pytest-tornasync
  - pytest-trio
  - pytest-twisted
_____________________ test_delete_run_only_removes_target _____________________
async def functions are not natively supported.
You need to install a suitable plugin for your async framework, for example:
  - anyio
  - pytest-asyncio
  - pytest-tornasync
  - pytest-trio
  - pytest-twisted
============================== warnings summary ===============================
C:\Users\Admin\AppData\Roaming\Python\Python312\site-packages\_pytest\config\__init__.py:1428
  C:\Users\Admin\AppData\Roaming\Python\Python312\site-packages\_pytest\config\__init__.py:1428: PytestConfigWarning: Unknown config option: asyncio_mode
  
    self._warn_or_fail_if_strict(f"Unknown config option: {key}\n")

src\tests\test_compare_entities.py:20
  D:\YayCode\CodeWithPython\ProjectPTPMMNM\AI_HelpDesk_Backend\src\tests\test_compare_entities.py:20: PytestUnknownMarkWarning: Unknown pytest.mark.asyncio - is this a typo?  You can register custom marks to avoid this warning - for details, see https://docs.pytest.org/en/stable/how-to/mark.html
    @pytest.mark.asyncio

src\tests\test_compare_entities.py:36
  D:\YayCode\CodeWithPython\ProjectPTPMMNM\AI_HelpDesk_Backend\src\tests\test_compare_entities.py:36: PytestUnknownMarkWarning: Unknown pytest.mark.asyncio - is this a typo?  You can register custom marks to avoid this warning - for details, see https://docs.pytest.org/en/stable/how-to/mark.html
    @pytest.mark.asyncio

src\tests\test_compare_entities.py:43
  D:\YayCode\CodeWithPython\ProjectPTPMMNM\AI_HelpDesk_Backend\src\tests\test_compare_entities.py:43: PytestUnknownMarkWarning: Unknown pytest.mark.asyncio - is this a typo?  You can register custom marks to avoid this warning - for details, see https://docs.pytest.org/en/stable/how-to/mark.html
    @pytest.mark.asyncio

src\tests\test_compare_entities.py:61
  D:\YayCode\CodeWithPython\ProjectPTPMMNM\AI_HelpDesk_Backend\src\tests\test_compare_entities.py:61: PytestUnknownMarkWarning: Unknown pytest.mark.asyncio - is this a typo?  You can register custom marks to avoid this warning - for details, see https://docs.pytest.org/en/stable/how-to/mark.html
    @pytest.mark.asyncio

src\tests\test_compare_entities.py:67
  D:\YayCode\CodeWithPython\ProjectPTPMMNM\AI_HelpDesk_Backend\src\tests\test_compare_entities.py:67: PytestUnknownMarkWarning: Unknown pytest.mark.asyncio - is this a typo?  You can register custom marks to avoid this warning - for details, see https://docs.pytest.org/en/stable/how-to/mark.html
    @pytest.mark.asyncio

src\tests\test_compare_entities.py:81
  D:\YayCode\CodeWithPython\ProjectPTPMMNM\AI_HelpDesk_Backend\src\tests\test_compare_entities.py:81: PytestUnknownMarkWarning: Unknown pytest.mark.asyncio - is this a typo?  You can register custom marks to avoid this warning - for details, see https://docs.pytest.org/en/stable/how-to/mark.html
    @pytest.mark.asyncio

src\tests\test_compare_entities.py:93
  D:\YayCode\CodeWithPython\ProjectPTPMMNM\AI_HelpDesk_Backend\src\tests\test_compare_entities.py:93: PytestUnknownMarkWarning: Unknown pytest.mark.asyncio - is this a typo?  You can register custom marks to avoid this warning - for details, see https://docs.pytest.org/en/stable/how-to/mark.html
    @pytest.mark.asyncio

src\tests\test_compare_entities.py:131
  D:\YayCode\CodeWithPython\ProjectPTPMMNM\AI_HelpDesk_Backend\src\tests\test_compare_entities.py:131: PytestUnknownMarkWarning: Unknown pytest.mark.asyncio - is this a typo?  You can register custom marks to avoid this warning - for details, see https://docs.pytest.org/en/stable/how-to/mark.html
    @pytest.mark.asyncio

src\tests\test_compare_entities.py:144
  D:\YayCode\CodeWithPython\ProjectPTPMMNM\AI_HelpDesk_Backend\src\tests\test_compare_entities.py:144: PytestUnknownMarkWarning: Unknown pytest.mark.asyncio - is this a typo?  You can register custom marks to avoid this warning - for details, see https://docs.pytest.org/en/stable/how-to/mark.html
    @pytest.mark.asyncio

src\tests\test_compare_entities.py:151
  D:\YayCode\CodeWithPython\ProjectPTPMMNM\AI_HelpDesk_Backend\src\tests\test_compare_entities.py:151: PytestUnknownMarkWarning: Unknown pytest.mark.asyncio - is this a typo?  You can register custom marks to avoid this warning - for details, see https://docs.pytest.org/en/stable/how-to/mark.html
    @pytest.mark.asyncio

-- Docs: https://docs.pytest.org/en/stable/how-to/capture-warnings.html
=========================== short test summary info ===========================
FAILED src/tests/test_compare_entities.py::test_create_run_returns_dict - Fai...
FAILED src/tests/test_compare_entities.py::test_create_run_unique_ids - Faile...
FAILED src/tests/test_compare_entities.py::test_create_run_with_errors - Fail...
FAILED src/tests/test_compare_entities.py::test_list_runs_empty_session - Fai...
FAILED src/tests/test_compare_entities.py::test_list_runs_returns_correct_session
FAILED src/tests/test_compare_entities.py::test_list_runs_multiple_files - Fa...
FAILED src/tests/test_compare_entities.py::test_update_query_metrics - Failed...
FAILED src/tests/test_compare_entities.py::test_delete_run_removes_entry - Fa...
FAILED src/tests/test_compare_entities.py::test_delete_nonexistent_run - Fail...
FAILED src/tests/test_compare_entities.py::test_delete_run_only_removes_target
======================= 10 failed, 11 warnings in 1.10s =======================
